2025-10-22T06:56:23+00:00 DEBUG tt4b_product_delete: missing access token for tt4b_product_sync
2025-10-22T06:56:23+00:00 DEBUG tt4b_product_delete: missing access token for tt4b_product_sync
2025-10-22T06:57:18+00:00 DEBUG tt4b_product_delete: missing access token for tt4b_product_sync
2025-10-22T06:57:18+00:00 DEBUG tt4b_product_delete: missing access token for tt4b_product_sync
2025-10-22T06:59:01+00:00 DEBUG tt4b_product_delete: missing access token for tt4b_product_sync
2025-10-22T06:59:01+00:00 DEBUG tt4b_product_delete: missing access token for tt4b_product_sync
2025-10-22T06:59:02+00:00 DEBUG tt4b_product_delete: missing access token for tt4b_product_sync
2025-10-22T06:59:02+00:00 DEBUG tt4b_product_delete: missing access token for tt4b_product_sync
2025-10-22T06:59:02+00:00 DEBUG tt4b_product_delete: missing access token for tt4b_product_sync
2025-10-22T06:59:02+00:00 DEBUG tt4b_product_delete: missing access token for tt4b_product_sync
2025-10-22T06:59:02+00:00 DEBUG tt4b_product_delete: missing access token for tt4b_product_sync
2025-10-22T06:59:02+00:00 DEBUG tt4b_product_delete: missing access token for tt4b_product_sync
2025-10-22T06:59:02+00:00 DEBUG tt4b_product_delete: missing access token for tt4b_product_sync
2025-10-22T06:59:02+00:00 DEBUG tt4b_product_delete: missing access token for tt4b_product_sync
2025-10-22T06:59:02+00:00 DEBUG tt4b_product_delete: missing access token for tt4b_product_sync
2025-10-22T06:59:02+00:00 DEBUG tt4b_product_delete: missing access token for tt4b_product_sync
2025-10-22T06:59:02+00:00 DEBUG tt4b_product_delete: missing access token for tt4b_product_sync
2025-10-22T06:59:02+00:00 DEBUG tt4b_product_delete: missing access token for tt4b_product_sync
2025-10-22T06:59:02+00:00 DEBUG tt4b_product_delete: missing access token for tt4b_product_sync
2025-10-22T06:59:02+00:00 DEBUG tt4b_product_delete: missing access token for tt4b_product_sync
2025-10-22T06:59:03+00:00 DEBUG tt4b_product_delete: missing access token for tt4b_product_sync
2025-10-22T06:59:03+00:00 DEBUG tt4b_product_delete: missing access token for tt4b_product_sync
2025-10-22T06:59:03+00:00 DEBUG tt4b_product_delete: missing access token for tt4b_product_sync
2025-10-22T06:59:03+00:00 DEBUG tt4b_product_delete: missing access token for tt4b_product_sync
2025-10-22T06:59:03+00:00 DEBUG tt4b_product_delete: missing access token for tt4b_product_sync
2025-10-22T06:59:03+00:00 DEBUG tt4b_product_delete: missing access token for tt4b_product_sync
2025-10-22T06:59:03+00:00 DEBUG tt4b_product_delete: missing access token for tt4b_product_sync
2025-10-22T06:59:03+00:00 DEBUG tt4b_product_delete: missing access token for tt4b_product_sync
2025-10-22T06:59:03+00:00 DEBUG tt4b_product_delete: missing access token for tt4b_product_sync
2025-10-22T06:59:03+00:00 DEBUG tt4b_product_delete: missing access token for tt4b_product_sync
2025-10-22T06:59:03+00:00 DEBUG tt4b_product_delete: missing access token for tt4b_product_sync
2025-10-22T06:59:03+00:00 DEBUG tt4b_product_delete: missing access token for tt4b_product_sync
2025-10-22T06:59:03+00:00 DEBUG tt4b_product_delete: missing access token for tt4b_product_sync
2025-10-22T06:59:03+00:00 DEBUG tt4b_product_delete: missing access token for tt4b_product_sync
2025-10-22T06:59:03+00:00 DEBUG tt4b_product_delete: missing access token for tt4b_product_sync
2025-10-22T06:59:04+00:00 DEBUG tt4b_product_delete: missing access token for tt4b_product_sync
2025-10-22T06:59:04+00:00 DEBUG tt4b_product_delete: missing access token for tt4b_product_sync
2025-10-22T06:59:04+00:00 DEBUG tt4b_product_delete: missing access token for tt4b_product_sync
2025-10-22T06:59:04+00:00 DEBUG tt4b_product_delete: missing access token for tt4b_product_sync
2025-10-22T06:59:04+00:00 DEBUG tt4b_product_delete: missing access token for tt4b_product_sync
2025-10-22T06:59:04+00:00 DEBUG tt4b_product_delete: missing access token for tt4b_product_sync
2025-10-22T06:59:04+00:00 DEBUG tt4b_product_delete: missing access token for tt4b_product_sync
2025-10-22T06:59:04+00:00 DEBUG tt4b_product_delete: missing access token for tt4b_product_sync
2025-10-22T06:59:04+00:00 DEBUG tt4b_product_delete: missing access token for tt4b_product_sync
2025-10-22T06:59:04+00:00 DEBUG tt4b_product_delete: missing access token for tt4b_product_sync
2025-10-22T06:59:04+00:00 DEBUG tt4b_product_delete: missing access token for tt4b_product_sync
2025-10-22T06:59:04+00:00 DEBUG tt4b_product_delete: missing access token for tt4b_product_sync
2025-10-22T06:59:04+00:00 DEBUG tt4b_product_delete: missing access token for tt4b_product_sync
2025-10-22T06:59:04+00:00 DEBUG tt4b_product_delete: missing access token for tt4b_product_sync
2025-10-22T06:59:05+00:00 DEBUG tt4b_product_delete: missing access token for tt4b_product_sync
2025-10-22T06:59:05+00:00 DEBUG tt4b_product_delete: missing access token for tt4b_product_sync
2025-10-22T06:59:05+00:00 DEBUG tt4b_product_delete: missing access token for tt4b_product_sync
2025-10-22T06:59:05+00:00 DEBUG tt4b_product_delete: missing access token for tt4b_product_sync
2025-10-22T06:59:05+00:00 DEBUG tt4b_product_delete: missing access token for tt4b_product_sync
2025-10-22T06:59:05+00:00 DEBUG tt4b_product_delete: missing access token for tt4b_product_sync
2025-10-22T06:59:05+00:00 DEBUG tt4b_product_delete: missing access token for tt4b_product_sync
2025-10-22T06:59:05+00:00 DEBUG tt4b_product_delete: missing access token for tt4b_product_sync
2025-10-22T06:59:05+00:00 DEBUG tt4b_product_delete: missing access token for tt4b_product_sync
2025-10-22T06:59:05+00:00 DEBUG tt4b_product_delete: missing access token for tt4b_product_sync
2025-10-22T06:59:05+00:00 DEBUG tt4b_product_delete: missing access token for tt4b_product_sync
2025-10-22T06:59:05+00:00 DEBUG tt4b_product_delete: missing access token for tt4b_product_sync
2025-10-22T06:59:05+00:00 DEBUG tt4b_product_delete: missing access token for tt4b_product_sync
2025-10-22T07:02:33+00:00 DEBUG Tt4b_Pixel_Class::inject_view_content_event: hit ViewContent
2025-10-22T07:02:33+00:00 DEBUG Tt4b_Pixel_Class::inject_view_content_event: Missing option "access_token"
2025-10-22T07:03:01+00:00 DEBUG Tt4b_Pixel_Class::inject_add_to_cart_event: hit AddToCart
2025-10-22T07:03:01+00:00 DEBUG Tt4b_Pixel_Class::inject_add_to_cart_event: Missing option "access_token"
2025-10-22T07:03:05+00:00 DEBUG Tt4b_Pixel_Class::inject_view_content_event: hit ViewContent
2025-10-22T07:03:05+00:00 DEBUG Tt4b_Pixel_Class::inject_view_content_event: Missing option "access_token"
2025-10-22T07:03:49+00:00 DEBUG Tt4b_Pixel_Class::inject_initiate_checkout_event: hit InitiateCheckout
2025-10-22T07:03:49+00:00 DEBUG Tt4b_Pixel_Class::inject_initiate_checkout_event: Missing option "access_token"
2025-10-22T07:08:54+00:00 DEBUG Tt4b_Pixel_Class::inject_initiate_checkout_event: hit InitiateCheckout
2025-10-22T07:08:54+00:00 DEBUG Tt4b_Pixel_Class::inject_initiate_checkout_event: Missing option "access_token"
2025-10-22T07:10:17+00:00 DEBUG Tt4b_Pixel_Class::inject_purchase_event: hit Purchase
2025-10-22T07:10:17+00:00 DEBUG Tt4b_Pixel_Class::inject_purchase_event: Missing option "access_token"
2025-10-22T07:19:40+00:00 DEBUG Tt4b_Pixel_Class::inject_add_to_cart_event: hit AddToCart
2025-10-22T07:19:40+00:00 DEBUG Tt4b_Pixel_Class::inject_add_to_cart_event: Missing option "access_token"
2025-10-22T07:20:01+00:00 DEBUG Tt4b_Pixel_Class::inject_view_content_event: hit ViewContent
2025-10-22T07:20:01+00:00 DEBUG Tt4b_Pixel_Class::inject_view_content_event: Missing option "access_token"
2025-10-22T07:20:14+00:00 DEBUG Tt4b_Pixel_Class::inject_initiate_checkout_event: hit InitiateCheckout
2025-10-22T07:20:14+00:00 DEBUG Tt4b_Pixel_Class::inject_initiate_checkout_event: Missing option "access_token"
2025-10-22T07:20:49+00:00 DEBUG Tt4b_Pixel_Class::inject_view_content_event: hit ViewContent
2025-10-22T07:20:49+00:00 DEBUG Tt4b_Pixel_Class::inject_view_content_event: Missing option "access_token"
2025-10-22T07:21:05+00:00 DEBUG Tt4b_Pixel_Class::inject_add_to_cart_event: hit AddToCart
2025-10-22T07:21:05+00:00 DEBUG Tt4b_Pixel_Class::inject_add_to_cart_event: Missing option "access_token"
2025-10-22T07:21:07+00:00 DEBUG Tt4b_Pixel_Class::inject_view_content_event: hit ViewContent
2025-10-22T07:21:07+00:00 DEBUG Tt4b_Pixel_Class::inject_view_content_event: Missing option "access_token"
2025-10-22T07:21:43+00:00 DEBUG Tt4b_Pixel_Class::inject_initiate_checkout_event: hit InitiateCheckout
2025-10-22T07:21:43+00:00 DEBUG Tt4b_Pixel_Class::inject_initiate_checkout_event: Missing option "access_token"
2025-10-22T07:22:18+00:00 DEBUG Tt4b_Pixel_Class::inject_purchase_event: hit Purchase
2025-10-22T07:22:18+00:00 DEBUG Tt4b_Pixel_Class::inject_purchase_event: Missing option "access_token"
2025-10-22T07:22:46+00:00 DEBUG Tt4b_Pixel_Class::inject_view_content_event: hit ViewContent
2025-10-22T07:22:46+00:00 DEBUG Tt4b_Pixel_Class::inject_view_content_event: Missing option "access_token"
2025-10-22T07:23:30+00:00 DEBUG Tt4b_Pixel_Class::inject_view_content_event: hit ViewContent
2025-10-22T07:23:30+00:00 DEBUG Tt4b_Pixel_Class::inject_view_content_event: Missing option "access_token"
2025-10-22T07:30:15+00:00 DEBUG Tt4b_Pixel_Class::inject_view_content_event: hit ViewContent
2025-10-22T07:30:15+00:00 DEBUG Tt4b_Pixel_Class::inject_view_content_event: Missing option "access_token"
2025-10-22T09:24:36+00:00 DEBUG Tt4b_Pixel_Class::inject_view_content_event: hit ViewContent
2025-10-22T09:24:36+00:00 DEBUG Tt4b_Pixel_Class::inject_view_content_event: Missing option "access_token"
2025-10-22T09:24:48+00:00 DEBUG Tt4b_Pixel_Class::inject_add_to_cart_event: hit AddToCart
2025-10-22T09:24:48+00:00 DEBUG Tt4b_Pixel_Class::inject_add_to_cart_event: Missing option "access_token"
2025-10-22T09:24:50+00:00 DEBUG Tt4b_Pixel_Class::inject_view_content_event: hit ViewContent
2025-10-22T09:24:50+00:00 DEBUG Tt4b_Pixel_Class::inject_view_content_event: Missing option "access_token"
2025-10-22T09:25:03+00:00 DEBUG Tt4b_Pixel_Class::inject_initiate_checkout_event: hit InitiateCheckout
2025-10-22T09:25:03+00:00 DEBUG Tt4b_Pixel_Class::inject_initiate_checkout_event: Missing option "access_token"
2025-10-22T09:25:19+00:00 DEBUG Tt4b_Pixel_Class::inject_initiate_checkout_event: hit InitiateCheckout
2025-10-22T09:25:19+00:00 DEBUG Tt4b_Pixel_Class::inject_initiate_checkout_event: Missing option "access_token"
2025-10-22T09:25:41+00:00 DEBUG Tt4b_Pixel_Class::inject_purchase_event: hit Purchase
2025-10-22T09:25:41+00:00 DEBUG Tt4b_Pixel_Class::inject_purchase_event: Missing option "access_token"
2025-10-22T09:34:30+00:00 DEBUG Tt4b_Pixel_Class::inject_add_to_cart_event: hit AddToCart
2025-10-22T09:34:30+00:00 DEBUG Tt4b_Pixel_Class::inject_add_to_cart_event: Missing option "access_token"
2025-10-22T09:34:59+00:00 DEBUG Tt4b_Pixel_Class::inject_view_content_event: hit ViewContent
2025-10-22T09:34:59+00:00 DEBUG Tt4b_Pixel_Class::inject_view_content_event: Missing option "access_token"
2025-10-22T09:35:16+00:00 DEBUG Tt4b_Pixel_Class::inject_initiate_checkout_event: hit InitiateCheckout
2025-10-22T09:35:16+00:00 DEBUG Tt4b_Pixel_Class::inject_initiate_checkout_event: Missing option "access_token"
2025-10-22T09:35:42+00:00 DEBUG Tt4b_Pixel_Class::inject_purchase_event: hit Purchase
2025-10-22T09:35:42+00:00 DEBUG Tt4b_Pixel_Class::inject_purchase_event: Missing option "access_token"
2025-10-22T09:41:53+00:00 DEBUG Tt4b_Pixel_Class::inject_view_content_event: hit ViewContent
2025-10-22T09:41:53+00:00 DEBUG Tt4b_Pixel_Class::inject_view_content_event: Missing option "access_token"
2025-10-22T09:42:03+00:00 DEBUG Tt4b_Pixel_Class::inject_add_to_cart_event: hit AddToCart
2025-10-22T09:42:03+00:00 DEBUG Tt4b_Pixel_Class::inject_add_to_cart_event: Missing option "access_token"
2025-10-22T09:42:05+00:00 DEBUG Tt4b_Pixel_Class::inject_view_content_event: hit ViewContent
2025-10-22T09:42:05+00:00 DEBUG Tt4b_Pixel_Class::inject_view_content_event: Missing option "access_token"
2025-10-22T09:42:13+00:00 DEBUG Tt4b_Pixel_Class::inject_add_to_cart_event: hit AddToCart
2025-10-22T09:42:13+00:00 DEBUG Tt4b_Pixel_Class::inject_add_to_cart_event: Missing option "access_token"
2025-10-22T09:42:16+00:00 DEBUG Tt4b_Pixel_Class::inject_view_content_event: hit ViewContent
2025-10-22T09:42:16+00:00 DEBUG Tt4b_Pixel_Class::inject_view_content_event: Missing option "access_token"
2025-10-22T09:42:25+00:00 DEBUG Tt4b_Pixel_Class::inject_add_to_cart_event: hit AddToCart
2025-10-22T09:42:25+00:00 DEBUG Tt4b_Pixel_Class::inject_add_to_cart_event: Missing option "access_token"
2025-10-22T09:42:27+00:00 DEBUG Tt4b_Pixel_Class::inject_view_content_event: hit ViewContent
2025-10-22T09:42:27+00:00 DEBUG Tt4b_Pixel_Class::inject_view_content_event: Missing option "access_token"
2025-10-22T09:42:37+00:00 DEBUG Tt4b_Pixel_Class::inject_add_to_cart_event: hit AddToCart
2025-10-22T09:42:37+00:00 DEBUG Tt4b_Pixel_Class::inject_add_to_cart_event: Missing option "access_token"
2025-10-22T09:42:39+00:00 DEBUG Tt4b_Pixel_Class::inject_view_content_event: hit ViewContent
2025-10-22T09:42:39+00:00 DEBUG Tt4b_Pixel_Class::inject_view_content_event: Missing option "access_token"
2025-10-22T09:42:51+00:00 DEBUG Tt4b_Pixel_Class::inject_add_to_cart_event: hit AddToCart
2025-10-22T09:42:51+00:00 DEBUG Tt4b_Pixel_Class::inject_add_to_cart_event: Missing option "access_token"
2025-10-22T09:42:53+00:00 DEBUG Tt4b_Pixel_Class::inject_view_content_event: hit ViewContent
2025-10-22T09:42:53+00:00 DEBUG Tt4b_Pixel_Class::inject_view_content_event: Missing option "access_token"
2025-10-22T09:43:07+00:00 DEBUG Tt4b_Pixel_Class::inject_initiate_checkout_event: hit InitiateCheckout
2025-10-22T09:43:07+00:00 DEBUG Tt4b_Pixel_Class::inject_initiate_checkout_event: Missing option "access_token"
2025-10-22T09:43:33+00:00 DEBUG Tt4b_Pixel_Class::inject_purchase_event: hit Purchase
2025-10-22T09:43:33+00:00 DEBUG Tt4b_Pixel_Class::inject_purchase_event: Missing option "access_token"
2025-10-22T10:14:24+00:00 DEBUG Tt4b_Pixel_Class::inject_view_content_event: hit ViewContent
2025-10-22T10:14:24+00:00 DEBUG Tt4b_Pixel_Class::inject_view_content_event: Missing option "access_token"
