2025-10-22T04:26:03+00:00 DEBUG #8017 - [New Request] POST /wordpress/wp-admin/admin-ajax.php
2025-10-22T04:26:03+00:00 DEBUG #8017 - Webhook lock acquired for 'register'.
2025-10-22T04:26:03+00:00 DEBUG #8017 - Webhook operation 'register' started.
2025-10-22T04:26:05+00:00 DEBUG #8017 - GET https://api.woocommerce.com/integrations/ppc/v1/notifications/webhooks
Response: Array
(
    [code] => 404
    [message] => Not Found
)

Response Body: {"statusCode":404,"error":"Not Found","message":"Not Found"}

2025-10-22T04:26:05+00:00 ERROR #8017 - Failed to delete webhooks: [Error] Not Found
2025-10-22T04:26:05+00:00 INFO #8017 - Webhooks deleted.
2025-10-22T04:26:13+00:00 DEBUG #8017 - POST https://api.woocommerce.com/integrations/ppc/v1/notifications/webhooks
Request Body: {"url":"https:\/\/localhost\/wordpress\/wp-json\/paypal\/v1\/incoming","event_types":[{"name":"CHECKOUT.ORDER.APPROVED"},{"name":"CHECKOUT.ORDER.COMPLETED"},{"name":"CHECKOUT.PAYMENT-APPROVAL.REVERSED"},{"name":"PAYMENT.CAPTURE.REFUNDED"},{"name":"PAYMENT.AUTHORIZATION.VOIDED"},{"name":"PAYMENT.CAPTURE.REVERSED"},{"name":"PAYMENT.ORDER.CANCELLED"},{"name":"PAYMENT.CAPTURE.DENIED"},{"name":"PAYMENT.CAPTURE.COMPLETED"},{"name":"VAULT.PAYMENT-TOKEN.CREATED"},{"name":"VAULT.PAYMENT-TOKEN.DELETED"},{"name":"PAYMENT.CAPTURE.PENDING"},{"name":"PAYMENT.SALE.COMPLETED"},{"name":"PAYMENT.SALE.REFUNDED"},{"name":"BILLING.SUBSCRIPTION.CANCELLED"},{"name":"BILLING.PLAN.PRICING-CHANGE.ACTIVATED"},{"name":"CATALOG.PRODUCT.UPDATED"},{"name":"BILLING.PLAN.UPDATED"}]}
Response: Array
(
    [code] => 404
    [message] => Not Found
)

Response Body: {"statusCode":404,"error":"Not Found","message":"Not Found"}

2025-10-22T04:26:13+00:00 ERROR #8017 - Failed to subscribe webhooks: [Error] Not Found
2025-10-22T04:26:13+00:00 DEBUG #8017 - Webhook lock released for 'register'.
